// Jest Snapshot v1, https://goo.gl/fbAQLP

exports[`rm suite failure should reject if no options and target is a folder 1`] = `"Can't remove home. It is a directory."`;

exports[`rm suite failure should reject if no target path provided 1`] = `"Missing argument to rm"`;

exports[`rm suite failure should reject if path is invalid 1`] = `"Can't remove invalid. No such file or directory."`;
